[{"name": "arm", "type": "Arm", "parameters": {}, "position": [[0.0, 0.0, 0.0], "absolute", null], "orientation": [[0, 0, 0], "absolute", null]}, {"name": "source", "type": "Source_simple", "parameters": {"E0": "5", "dE": "0.2", "dist": "1", "radius": "0.015", "xw": "0.024", "yh": "0.015"}, "position": [[0.0, 0.0, 0.0], "relative", "arm"], "orientation": [[0, 0, 0], "relative", "arm"]}, {"name": "collimator", "type": "Collimator_linear", "parameters": {"divergence": "coll_div", "len": "0.2", "xmax": "0.02", "xmin": "-0.02", "ymax": "0.03", "ymin": "-0.03"}, "position": [[0.0, 0.0, 0.4], "relative", "arm"], "orientation": [[0, 0, 0], "relative", "arm"]}, {"name": "target", "type": "V_sample", "parameters": {"focus_r": "0", "pack": "1", "target_x": "0", "target_y": "0", "target_z": "1", "xwidth": "0.02", "yheight": "0.015", "zthick": "0.004"}, "position": [[0.0, 0.0, 1.0], "relative", "arm"], "orientation": [[0, 0, 0], "relative", "arm"]}, {"name": "arm2", "type": "Arm", "parameters": {}, "position": [[0.0, 0.0, 0.0], "relative", "target"], "orientation": [[0.0, "ROT", 0.0], "relative", "arm"]}, {"name": "PSD_4pi", "type": "PSD_monitor_4PI", "parameters": {"filename": "\"vanadium.psd\"", "nx": "101", "ny": "51", "radius": "10"}, "position": [[0.0, 0.0, 0.0], "relative", "arm2"], "orientation": [[0, 0, 0], "relative", "arm2"]}]